// Jest Snapshot v1, https://goo.gl/fbAQLP

exports[`Work component Matches snapshot 1`] = `[Function]`;
