// Jest Snapshot v1, https://goo.gl/fbAQLP

exports[`About Component Matches snapshot 1`] = `[Function]`;
