// Jest Snapshot v1, https://goo.gl/fbAQLP

exports[`Hero Component Matches snapshot 1`] = `[Function]`;
