// Jest Snapshot v1, https://goo.gl/fbAQLP

exports[`Footer Component Matches snapshot 1`] = `[Function]`;
